CCCCCCCCCCCCCCCCCCCCCCCCCCCCCCCCCCCCCC SYNONYM_ALL.LST CCCCCCCCCCCCCCC/
CC                                                                    /
CC                BADA SYNONYM_ALL FILE                               /
CC                                                                    /
CC                                                                    /
CC      File_name: SYNONYM_ALL.LST                                    /
CC                                                                    /
CC      Creation_date: May 22 2003                                    /
CC                                                                    /
CC      Modification_date: May 27 2013                                /
CC                                                                    /
CC                                                                    /
CC                                                                    /
CC====================================================================/
CC                                                                    /
CC                                                                    /
CC                                                                    ICAO         ICAO         ICAO         ICAO         ICAO         ICAO         ICAO         ICAO         ICAO         ICAO         ICAO         ICAO
CC   A/C    NAME OR MODEL           MANUFACTURER         FILE         CODE         CODE         CODE         CODE         CODE         CODE         CODE         CODE         CODE         CODE         CODE         CODE
CC   CODE                                                BADA 3.10     V24          V25          V26          V27          V28          V29          V30          V31          V36          V37          V38          V40
CC 
CD * A10    THUNDERBOLT II           FAIRCHILD           FGTN__       A10A         A10          A10          A10          A10          A10          A10          A10          A10          A10          A10          A10          
CD - A124   AN-124 RUSLAN            ANTONOV             A124__       AN4R         A124         A124         A124         A124         A124         A124         A124         A124         A124         A124         A124         
CD - A140   AN-140                   ANTONOV             A140__       A140         A140         A140         A140         A140         A140         A140         A140         A140         A140         A140         A140         
CD - A148   AN-148-100B              ANTONOV             A148__       A148         A148         A148         A148         A148         A148         A148         A148         A148         A148         A148         A148         
CD - A306   A300B4-600               AIRBUS              A306__       A306         A306         A306         A306         A306         A306         A306         A306         A306         A306         A306         A306         
CD - A30B   A300B4-200               AIRBUS              A30B__       EA30         A300         A30B         A30B         A30B         A30B         A30B         A30B         A30B         A30B         A30B         A30B         
CD - A310   A310                     AIRBUS              A310__       EA31         A310         A310         A310         A310         A310         A310         A310         A310         A310         A310         A310         
CD - A318   A318                     AIRBUS              A318__       A318         A318         A318         A318         A318         A318         A318         A318         A318         A318         A318         A318         
CD - A319   A319                     AIRBUS              A319__       A319         A319         A319         A319         A319         A319         A319         A319         A319         A319         A319         A319         
CD - A320   A320                     AIRBUS              A320__       EA32         A320         A320         A320         A320         A320         A320         A320         A320         A320         A320         A320         
CD - A321   A321                     AIRBUS              A321__       A321         A321         A321         A321         A321         A321         A321         A321         A321         A321         A321         A321         
CD - A332   A330-200                 AIRBUS              A332__       A332         A332         A332         A332         A332         A332         A332         A332         A332         A332         A332         A332         
CD - A333   A330-300                 AIRBUS              A333__       EA33         EA33         EA33         A330         A333         A333         A333         A333         A333         A333         A333         A333         
CD - A342   A340-200                 AIRBUS              A342__       A342         A342         A342         A342         A342         A342         A342         A342         A342         A342         A342         A342         
CD - A343   A340-300                 AIRBUS              A343__       EA34         EA34         EA34         A340         A343         A343         A343         A343         A343         A343         A343         A343         
CD - A345   A340-500                 AIRBUS              A345__       A345         A345         A345         A345         A345         A345         A345         A345         A345         A345         A345         A345         
CD - A346   A340-600                 AIRBUS              A346__       A346         A346         A346         A346         A346         A346         A346         A346         A346         A346         A346         A346         
CD - A388   A380-800                 AIRBUS              A388__       A388         A388         A388         A388         A388         A388         A388         A388         A388         A388         A388         A388         
CD - A3ST   A-300ST Beluga           AIRBUS              A3ST__       A3ST         A3ST         A3ST         A3ST         A3ST         A3ST         A3ST         A3ST         A3ST         A3ST         A3ST         A3ST         
CD * A4     SUPER SKYHAWK            DOUGLAS             FGTN__       A4           A4           A4           A4           A4           A4           A4           A4           A4           A4           A4           A4           
CD * A400   A-400M                   AIRBUS              A3ST__       A400         A400         A400         A400         A400         A400         A400         A400         A400         A400         A400         A400         
CD * A6     INTRUDER                 GRUMMAN             FGTN__       EA6B         A6           A6           A6           A6           A6           A6           A6           A6           A6           A6           A6           
CD * A7     CORSAIR II A7            VOUGHT              FGTN__       A7           A7           A7           A7           A7           A7           A7           A7           A7           A7           A7           A7           
CD * A748   AVRO 748                 AVRO                ATP___       HN74         A748         A748         A748         A748         A748         A748         A748         A748         A748         A748         A748         
CD * AA5    Cheetah AA-5             GULFSTREAM          P28A__       AA5          AA5          AA5          AA5          AA5          AA5          AA5          AA5          AA5          AA5          AA5          AA5          
CD * AC11   COMMANDER 112            ROCKWELL            SR22__       AC11         AC11         AC11         AC11         AC11         AC11         AC11         AC11         AC11         AC11         AC11         AC11         
CD * AC90   TURBO COMMANDER 690B     ROCKWELL            PAY3__       AC90         AC90         AC90         AC90         AC90         AC90         AC90         AC90         AC90         AC90         AC90         AC90         
CD * AC95   Jetprop Commander 980    GULFSTREAM          PAY3__       AC95         AC95         AC95         AC95         AC95         AC95         AC95         AC95         AC95         AC95         AC95         AC95         
CD * AEST   AEROSTAR                 TED SMITH           MU2___       PA60         AEST         AEST         AEST         AEST         AEST         AEST         AEST         AEST         AEST         AEST         AEST         
CD * AFOX   APOLO FOX                HALLEY              P28A__       AFOX         AFOX         AFOX         AFOX         AFOX         AFOX         AFOX         AFOX         AFOX         AFOX         AFOX         AFOX         
CD * AJET   ALPHA JET                DASSAULT            FGTN__       AJET         AJET         AJET         AJET         AJET         AJET         AJET         AJET         AJET         AJET         AJET         AJET         
CD * ALSL   SKYLANE                  AIRLONY             P28A__       ALSL         ALSL         ALSL         ALSL         ALSL         ALSL         ALSL         ALSL         ALSL         ALSL         ALSL         ALSL         
CD * AMX    AMX                      EMBRAER             FGTN__       AMX          AMX          AMX          AMX          AMX          AMX          AMX          AMX          AMX          AMX          AMX          AMX          
CD * AN12   AN-12                    ANTONOV             C130__       AN12         AN12         AN12         AN12         AN12         AN12         AN12         AN12         AN12         AN12         AN12         AN12         
CD - AN24   AN-24                    ANTONOV             AN24__       AN24         AN24         AN24         AN24         AN24         AN24         AN24         AN24         AN24         AN24         AN24         AN24         
CD * AN26   AN-26                    ANTONOV             AN30__       AN26         AN26         AN26         AN26         AN26         AN26         AN26         AN26         AN26         AN26         AN26         AN26         
CD - AN28   AN-28                    ANTONOV             AN28__       AN28         AN28         AN28         AN28         AN28         AN28         AN28         AN28         AN28         AN28         AN28         AN28         
CD - AN30   AN-30                    ANTONOV             AN30__       AN30         AN30         AN30         AN30         AN30         AN30         AN30         AN30         AN30         AN30         AN30         AN30         
CD - AN32   AN-32B                   ANTONOV             AN32__       AN32         AN32         AN32         AN32         AN32         AN32         AN32         AN32         AN32         AN32         AN32         AN32         
CD - AN38   AN-38-100                ANTONOV             AN38__       AN38         AN38         AN38         AN38         AN38         AN38         AN38         AN38         AN38         AN38         AN38         AN38         
CD * AN72   AN-72                    ANTONOV             F28___       AN74         AN72         AN72         AN72         AN72         AN72         AN72         AN72         AN72         AN72         AN72         AN72         
CD * APM4   APM 40 SIMBA             ISSOIRE             P28A__       APM4         APM4         APM4         APM4         APM4         APM4         APM4         APM4         APM4         APM4         APM4         APM4         
CD * ASTR   1125 Astra               IAI                 FA10__       AJ25         ASTR         ASTR         ASTR         ASTR         ASTR         ASTR         ASTR         ASTR         ASTR         ASTR         ASTR         
CD - AT43   ATR 42-300               ATR                 AT43__       AT42         ATR          AT43         AT43         AT43         AT43         AT43         AT43         AT43         AT43         AT43         AT43         
CD * AT44   ATR 42-400               ATR                 AT45__       AT44         AT44         AT44         AT44         AT44         AT44         AT44         AT44         AT44         AT44         AT44         AT44         
CD - AT45   ATR 42-500               ATR                 AT45__       AT45         AT45         AT45         AT45         AT45         AT45         AT45         AT45         AT45         AT45         AT45         AT45         
CD * AT46   ATR 42-600               ATR                 AT45__       AT46         AT46         AT46         AT46         AT46         AT46         AT46         AT46         AT46         AT46         AT46         AT46         
CD - AT72   ATR 72-200               ATR                 AT72__       AT72         AT72         AT72         AT72         AT72         AT72         AT72         AT72         AT72         AT72         AT72         AT72         
CD - AT73   ATR 72-210               ATR                 AT73__       AT73         AT73         AT73         AT73         AT73         AT73         AT73         AT73         AT73         AT73         AT73         AT73         
CD - AT75   ATR 72-500               ATR                 AT75__       AT75         AT75         AT75         AT75         AT75         AT75         AT75         AT75         AT75         AT75         AT75         AT75         
CD * AT76   ATR 72-600               ATR                 AT75__       AT76         AT76         AT76         AT76         AT76         AT76         AT76         AT76         AT76         AT76         AT76         AT76         
CD * ATLA   1150 ATLANTIC            DASSAULT            E120__       ATLA         ATLA         ATLA         ATLA         ATLA         ATLA         ATLA         ATLA         ATLA         ATLA         ATLA         ATLA         
CD - ATP    ADVANCED TURBOPROP       BAE                 ATP___       BATP         ATP          ATP          ATP          ATP          ATP          ATP          ATP          ATP          ATP          ATP          ATP          
CD * B1     B1 LANCER                ROCKWELL            FGTL__       B1           B1           B1           B1           B1           B1           B1           B1           B1           B1           B1           B1           
CD * B190   1900                     BEECH               JS32__       BE02         B190         B190         B190         B190         B190         B190         B190         B190         B190         B190         B190         
CD * B350   SUPER KING AIR 350       BEECH               BE20__       BE3B         B350         B350         B350         B350         B350         B350         B350         B350         B350         B350         B350         
CD * B461   146-100/RJ               BAE                 B462__       BA46         BA46         BA46         BA46         B461         B461         B461         B461         B461         B461         B461         B461         
CD - B462   146-200/RJ               BAE                 B462__       B462         B462         B462         B462         B462         B462         B462         B462         B462         B462         B462         B462         
CD - B463   146-300/RJ               BAE                 B463__       B463         B463         B463         B463         B463         B463         B463         B463         B463         B463         B463         B463         
CD * B52    B-52 Stratofortress      BOEING              FGTL__       B52          B52          B52          B52          B52          B52          B52          B52          B52          B52          B52          B52          
CD * B701   707-100                  BOEING              B752__       B707         B707         B701         B701         B701         B701         B701         B701         B701         B701         B701         B701         
CD - B703   707-300                  BOEING              B703__       B707         B707         B703         B703         B703         B703         B703         B703         B703         B703         B703         B703         
CD - B712   717-200                  BOEING              B712__       B717         B717         B712         B712         B712         B712         B712         B712         B712         B712         B712         B712         
CD * B720   B720B                    BOEING              B752__       B72S         B720         B720         B720         B720         B720         B720         B720         B720         B720         B720         B720         
CD * B721   727-100                  BOEING              B752__       B721         B721         B721         B721         B721         B721         B721         B721         B721         B721         B721         B721         
CD - B722   727-200                  BOEING              B722__       B727         B727         B722         B722         B722         B722         B722         B722         B722         B722         B722         B722         
CD * B731   737-100                  BOEING              T134__       T43A         B731         B731         B731         B731         B731         B731         B731         B731         B731         B731         B731         
CD - B732   737-200                  BOEING              B732__       B737         B73A         B732         B732         B732         B732         B732         B732         B732         B732         B732         B732         
CD - B733   737-300                  BOEING              B733__       B73S         B73B         B733         B733         B733         B733         B733         B733         B733         B733         B733         B733         
CD - B734   737-400                  BOEING              B734__       B73F         B734         B734         B734         B734         B734         B734         B734         B734         B734         B734         B734         
CD - B735   737-500                  BOEING              B735__       B73V         B735         B735         B735         B735         B735         B735         B735         B735         B735         B735         B735         
CD - B736   737-600                  BOEING              B736__       B736         B736         B736         B736         B736         B736         B736         B736         B736         B736         B736         B736         
CD - B737   737-700                  BOEING              B737__       B737         B737         B737         B737         B737         B737         B737         B737         B737         B737         B737         B737         
CD - B738   737-800                  BOEING              B738__       B73C         B73C         B738         B738         B738         B738         B738         B738         B738         B738         B738         B738         
CD - B739   737-900                  BOEING              B739__       B739         B739         B739         B739         B739         B739         B739         B739         B739         B739         B739         B739         
CD * B741   747-100                  BOEING              B743__       E4A          B741         B741         B741         B741         B741         B741         B741         B741         B741         B741         B741         
CD - B742   747-200                  BOEING              B742__       B747         B74A         B742         B742         B742         B742         B742         B742         B742         B742         B742         B742         
CD - B743   747-300                  BOEING              B743__       B743         B743         B743         B743         B743         B743         B743         B743         B743         B743         B743         B743         
CD - B744   747-400                  BOEING              B744__       B74B         B74B         B744         B744         B744         B744         B744         B744         B744         B744         B744         B744         
CD - B748   747-8                    BOEING              B748__       B748         B748         B748         B748         B748         B748         B748         B748         B748         B748         B748         B748         
CD * B74D   747-400 DOMESTIC         BOEING              B744__       B74F         B74D         B74D         B74D         B74D         B74D         B74D         B74D         B74D         B74D         B74D         B74D         
CD * B74R   747SR                    BOEING              B743__       B74R         B74R         B74R         B74R         B74R         B74R         B74R         B74R         B74R         B74R         B74R         B74R         
CD * B74S   747-SP                   BOEING              B742__       B74S         B74S         B74S         B74S         B74S         B74S         B74S         B74S         B74S         B74S         B74S         B74S         
CD - B752   757-200                  BOEING              B752__       B757         B757         B752         B752         B752         B752         B752         B752         B752         B752         B752         B752         
CD - B753   757-300                  BOEING              B753__       B753         B753         B753         B753         B753         B753         B753         B753         B753         B753         B753         B753         
CD - B762   767-200                  BOEING              B762__       B767         B767         B762         B762         B762         B762         B762         B762         B762         B762         B762         B762         
CD - B763   767-300                  BOEING              B763__       B763         B763         B763         B763         B763         B763         B763         B763         B763         B763         B763         B763         
CD - B764   767-400                  BOEING              B764__       B764         B764         B764         B764         B764         B764         B764         B764         B764         B764         B764         B764         
CD - B772   777-200 ER               BOEING              B772__       B777         B777         B772         B772         B772         B772         B772         B772         B772         B772         B772         B772         
CD - B773   777-300                  BOEING              B773__       B773         B773         B773         B773         B773         B773         B773         B773         B773         B773         B773         B773         
CD - B77L   777-200 LRF              BOEING              B77L__       B77L         B77L         B77L         B77L         B77L         B77L         B77L         B77L         B77L         B77L         B77L         B77L         
CD - B77W   777-300 ER               BOEING              B77W__       B77W         B77W         B77W         B77W         B77W         B77W         B77W         B77W         B77W         B77W         B77W         B77W         
CD - B788   787-8                    BOEING              B788__       B788         B788         B788         B788         B788         B788         B788         B788         B788         B788         B788         B788         
CD - BA11   111 ALL SERIES           BAE                 BA11__       BA11         BA11         BA11         BA11         BA11         BA11         BA11         BA11         BA11         BA11         BA11         BA11         
CD * BDOG   SA-3 BULLDOG             BAE                 C182__       BDOG         BDOG         BDOG         BDOG         BDOG         BDOG         BDOG         BDOG         BDOG         BDOG         BDOG         BDOG         
CD * BE10   KING AIR 100             BEECH               D228__       BE1B         BE10         BE10         BE10         BE10         BE10         BE10         BE10         BE10         BE10         BE10         BE10         
CD - BE20   SUPER KING AIR 200       BEECH               BE20__       BE2H         BE20         BE20         BE20         BE20         BE20         BE20         BE20         BE20         BE20         BE20         BE20         
CD * BE30   SUPER KING AIR 300       BEECH               BE20__       BE3L         BE30         BE30         BE30         BE30         BE30         BE30         BE30         BE30         BE30         BE30         BE30         
CD * BE33   BONANZA 33               BEECH               C182__       BE33         BE33         BE33         BE33         BE33         BE33         BE33         BE33         BE33         BE33         BE33         BE33         
CD * BE36   BONANZA 36               BEECH               DA42__       BE36         BE36         BE36         BE36         BE36         BE36         BE36         BE36         BE36         BE36         BE36         BE36         
CD * BE40   BEECHJET 400             BEECH               C25C__       BJ40         MU30         BE40         BE40         BE40         BE40         BE40         BE40         BE40         BE40         BE40         BE40         
CD * BE55   BARON 55                 BEECH               PA34__       T42          BE55         BE55         BE55         BE55         BE55         BE55         BE55         BE55         BE55         BE55         BE55         
CD - BE58   BARON 58                 BEECH               BE58__       BE58         BE58         BE58         BE58         BE58         BE58         BE58         BE58         BE58         BE58         BE58         BE58         
CD * BE60   DUKE 60                  BEECH               C421__       BE60         BE60         BE60         BE60         BE60         BE60         BE60         BE60         BE60         BE60         BE60         BE60         
CD * BE65   QUEEN AIR 65             BEECH               PA34__       BE65         BE65         BE65         BE65         BE65         BE65         BE65         BE65         BE65         BE65         BE65         BE65         
CD * BE76   DUCHESSE 76              BEECH               C182__       BE76         BE76         BE76         BE76         BE76         BE76         BE76         BE76         BE76         BE76         BE76         BE76         
CD * BE95   TRAVEL AIR 95            BEECH               TRIN__       BE95         BE95         BE95         BE95         BE95         BE95         BE95         BE95         BE95         BE95         BE95         BE95         
CD - BE99   AIRLINER C99             BEECH               BE99__       BE99         BE99         BE99         BE99         BE99         BE99         BE99         BE99         BE99         BE99         BE99         BE99         
CD - BE9L   KING AIR 90              BEECH               BE9L__       BE90         BE9L         BE9L         BE9L         BE9L         BE9L         BE9L         BE9L         BE9L         BE9L         BE9L         BE9L         
CD * BE9T   KING AIR 90              BEECH               BE9L__       BE9T         BE9T         BE9T         BE9T         BE9T         BE9T         BE9T         BE9T         BE9T         BE9T         BE9T         BE9T         
CD * BMAN   BUSHMAN                  AAK                 P28A__       BMAN         BMAN         BMAN         BMAN         BMAN         BMAN         BMAN         BMAN         BMAN         BMAN         BMAN         BMAN         
CD * BN2P   BN-2A MARITIME DEFENDER  BRITTEN-NORMAN      PA34__       BN2          BN2P         BN2P         BN2P         BN2P         BN2P         BN2P         BN2P         BN2P         BN2P         BN2P         BN2P         
CD * BN2T   BN-2T Defender 4000      BRITTEN-NORMAN      E120__       BN2T         BN2T         BN2T         BN2T         BN2T         BN2T         BN2T         BN2T         BN2T         BN2T         BN2T         BN2T         
CD * C10T   SPIRIT 750               ADVANCED AIRCRAFT   D228__       C10T         C10T         C10T         C10T         C10T         C10T         C10T         C10T         C10T         C10T         C10T         C10T         
CD - C130   HERCULES                 LOCKHEED            C130__       L382         C130         C130         C130         C130         C130         C130         C130         C130         C130         C130         C130         
CD * C135   STRATOLIFTER C-135C      BOEING              B703__       C135         C135         C135         C135         C135         C135         C135         C135         C135         C135         C135         C135         
CD * C141   STARLIFTER C-141         LOCKHEED            A310__       C141         C141         C141         C141         C141         C141         C141         C141         C141         C141         C141         C141         
CD - C160   C160                     TRANSALL            C160__       ND16         C160         C160         C160         C160         C160         C160         C160         C160         C160         C160         C160         
CD * C162   SKYCATCHER               CESSNA              DA42__       C162         C162         C162         C162         C162         C162         C162         C162         C162         C162         C162         C162         
CD * C17    GLOBEMASTER 3            BOEING              B764__       C17          C17          C17          C17          C17          C17          C17          C17          C17          C17          C17          C17          
CD * C170   170                      CESSNA              C172__       C170         C170         C170         C170         C170         C170         C170         C170         C170         C170         C170         C170         
CD - C172   SKYHAWK 172              CESSNA              C172__       C172         C172         C172         C172         C172         C172         C172         C172         C172         C172         C172         C172         
CD * C177   CARDINAL 177             CESSNA              C172__       C177         C177         C177         C177         C177         C177         C177         C177         C177         C177         C177         C177         
CD - C182   SKYLANE 182              CESSNA              C182__       C182         C182         C182         C182         C182         C182         C182         C182         C182         C182         C182         C182         
CD * C206   TURBO STATIONAIR 6       CESSNA              SR22__       C206         C206         C206         C206         C206         C206         C206         C206         C206         C206         C206         C206         
CD * C208   CARAVAN                  CESSNA              PA27__       C208         C208         C208         C208         C208         C208         C208         C208         C208         C208         C208         C208         
CD * C210   CENTURION                CESSNA              SR22__       C210         C210         C210         C210         C210         C210         C210         C210         C210         C210         C210         C210         
CD * C212   T-12  AVIOCAR            CASA                D228__       CS12         C212         C212         C212         C212         C212         C212         C212         C212         C212         C212         C212         
CD - C25A   525A Citation CJ2        CESSNA              C25A__       C25A         C25A         C25A         C25A         C25A         C25A         C25A         C25A         C25A         C25A         C25A         C25A         
CD - C25B   525B Citation CJ3        CESSNA              C25B__       C25B         C25B         C25B         C25B         C25B         C25B         C25B         C25B         C25B         C25B         C25B         C25B         
CD - C25C   525C Citation CJ4        CESSNA              C25C__       C25C         C25C         C25C         C25C         C25C         C25C         C25C         C25C         C25C         C25C         C25C         C25C         
CD * C27J   C-27J Spartan            ALENIA              E120__       C27J         C27J         C27J         C27J         C27J         C27J         C27J         C27J         C27J         C27J         C27J         C27J         
CD * C295   C-295                    CASA                ATP___       C295         C295         C295         C295         C295         C295         C295         C295         C295         C295         C295         C295         
CD * C303   CRUSADER 303             CESSNA              PA31__       C303         C303         C303         C303         C303         C303         C303         C303         C303         C303         C303         C303         
CD * C30J   C130J HERCULES           LOCKHEED MARTIN     C130__       C30J         C30J         C30J         C30J         C30J         C30J         C30J         C30J         C30J         C30J         C30J         C30J         
CD * C310   310                      CESSNA              PA34__       RY65         C310         C310         C310         C310         C310         C310         C310         C310         C310         C310         C310         
CD * C337   SUPER SKYMASTER          CESSNA              PA27__       RA37         C337         C337         C337         C337         C337         C337         C337         C337         C337         C337         C337         
CD * C340   C-340/340A               CESSNA              C421__       C340         C340         C340         C340         C340         C340         C340         C340         C340         C340         C340         C340         
CD * C402   402                      CESSNA              PA34__       C401         C402         C402         C402         C402         C402         C402         C402         C402         C402         C402         C402         
CD * C404   TITAN                    CESSNA              BE58__       C404         C404         C404         C404         C404         C404         C404         C404         C404         C404         C404         C404         
CD * C414   CHANCELLOR 414           CESSNA              PA31__       C414         C414         C414         C414         C414         C414         C414         C414         C414         C414         C414         C414         
CD - C421   GOLDEN EAGLE 421         CESSNA              C421__       C421         C421         C421         C421         C421         C421         C421         C421         C421         C421         C421         C421         
CD * C425   CORSAIR                  CESSNA              TBM8__       C425         C425         C425         C425         C425         C425         C425         C425         C425         C425         C425         C425         
CD * C441   Conquest                 CESSNA              PAY3__       C441         C441         C441         C441         C441         C441         C441         C441         C441         C441         C441         C441         
CD * C5     L-500 GALAXY             LOCKHEED            A346__       C5A          C5           C5           C5           C5           C5           C5           C5           C5           C5           C5           C5           
CD * C500   CITATION 1               CESSNA              C550__       C500         C501         C500         C500         C500         C500         C500         C500         C500         C500         C500         C500         
CD * C501   CITATION 1SP             CESSNA              C550__       C501         C500         C501         C501         C501         C501         C501         C501         C501         C501         C501         C501         
CD - C510   CITATION MUSTANG         CESSNA              C510__       C510         C510         C510         C510         C510         C510         C510         C510         C510         C510         C510         C510         
CD - C525   CITATION CJ1             CESSNA              C525__       C525         C525         C525         C525         C525         C525         C525         C525         C525         C525         C525         C525         
CD * C526   CITATION JET 526         CESSNA              E50P__       C526         C526         C526         C526         C526         C526         C526         C526         C526         C526         C526         C526         
CD - C550   CITATION II-S2           CESSNA              C550__       C550         C550         C550         C550         C550         C550         C550         C550         C550         C550         C550         C550         
CD * C551   CITATION 2SP             CESSNA              C550__       C551         C551         C551         C551         C551         C551         C551         C551         C551         C551         C551         C551         
CD - C560   CITATION V               CESSNA              C560__       C560         C560         C560         C560         C560         C560         C560         C560         C560         C560         C560         C560         
CD - C56X   CITATION Excel           CESSNA              C56X__       C56X         C56X         C56X         C56X         C56X         C56X         C56X         C56X         C56X         C56X         C56X         C56X         
CD * C650   CITATION VII             CESSNA              LJ35__       C650         C650         C650         C650         C650         C650         C650         C650         C650         C650         C650         C650         
CD - C680   Citation Sovereign       CESSNA              C680__       C680         C680         C680         C680         C680         C680         C680         C680         C680         C680         C680         C680         
CD * C72R   CUTLASS RG               CESSNA              SR22__       C172         C72R         C72R         C72R         C72R         C72R         C72R         C72R         C72R         C72R         C72R         C72R         
CD - C750   CITATION 10              CESSNA              C750__       C750         C750         C750         C750         C750         C750         C750         C750         C750         C750         C750         C750         
CD * C77R   CARDINAL 177RG           CESSNA              P28A__       RA77         C77R         C77R         C77R         C77R         C77R         C77R         C77R         C77R         C77R         C77R         C77R         
CD * C82R   SKYLANE R182 RG          CESSNA              C182__       C182         C82R         C82R         C82R         C82R         C82R         C82R         C82R         C82R         C82R         C82R         C82R         
CD * CA41   CA-41 RACER              CORVUS              P28A__       CA41         CA41         CA41         CA41         CA41         CA41         CA41         CA41         CA41         CA41         CA41         CA41         
CD * CE43   GUEPARD                  CERVA               SR22__       CE43         CE43         CE43         CE43         CE43         CE43         CE43         CE43         CE43         CE43         CE43         CE43         
CD * CL2T   CL-415                   CANADAIR            SH36__       CL2T         CL2T         CL2T         CL2T         CL2T         CL2T         CL2T         CL2T         CL2T         CL2T         CL2T         CL2T         
CD * CL30   Challenger 300           BOMBARDIER          F2TH__       CL30         CL30         CL30         CL30         CL30         CL30         CL30         CL30         CL30         CL30         CL30         CL30         
CD - CL60   CHALLENGER 600/601       CANADAIR            CL60__       CL60         CL60         CL60         CL60         CL60         CL60         CL60         CL60         CL60         CL60         CL60         CL60         
CD * CN35   CN-235                   CASA                AT43__       CN35         CN35         CN35         CN35         CN35         CN35         CN35         CN35         CN35         CN35         CN35         CN35         
CD * COL4   COLUMBIA 400             CESSNA              TRIN__       COL4         COL4         COL4         COL4         COL4         COL4         COL4         COL4         COL4         COL4         COL4         COL4         
CD * CORV   CORVUS                   WOLFSBERT           DA42__       CORV         CORV         CORV         CORV         CORV         CORV         CORV         CORV         CORV         CORV         CORV         CORV         
CD - CRJ1   REGIONAL JET CRJ-100     CANADAIR            CRJ1__       CL65         CL65         CARJ         CRJ1         CRJ1         CRJ1         CRJ1         CRJ1         CRJ1         CRJ1         CRJ1         CRJ1         
CD - CRJ2   REGIONAL JET CRJ-200     CANADAIR            CRJ2__       CRJ2         CRJ2         CRJ2         CRJ2         CRJ2         CRJ2         CRJ2         CRJ2         CRJ2         CRJ2         CRJ2         CRJ2         
CD * CRJ7   REGIONAL JET CRJ-700     CANADAIR            CRJ9__       CRJ7         CRJ7         CRJ7         CRJ7         CRJ7         CRJ7         CRJ7         CRJ7         CRJ7         CRJ7         CRJ7         CRJ7         
CD - CRJ9   REGIONAL JET CRJ-900     CANADAIR            CRJ9__       CRJ9         CRJ9         CRJ9         CRJ9         CRJ9         CRJ9         CRJ9         CRJ9         CRJ9         CRJ9         CRJ9         CRJ9         
CD * CRJX   REGIONAL JET CRJ-1000    BOMBARDIER          CRJ9__       CRJX         CRJX         CRJX         CRJX         CRJX         CRJX         CRJX         CRJX         CRJX         CRJX         CRJX         CRJX         
CD * CVLT   CC-109 COSMOPOLITAN      CANADAIR            DH8C__       CV58         CVLT         CVLT         CVLT         CVLT         CVLT         CVLT         CVLT         CVLT         CVLT         CVLT         CVLT         
CD - D228   228                      DORNIER             D228__       D228         D228         D228         D228         D228         D228         D228         D228         D228         D228         D228         D228         
CD - D328   328                      DORNIER             D328__       D328         D328         D328         D328         D328         D328         D328         D328         D328         D328         D328         D328         
CD * DA40   DA-40-180 DIAMOND STAR   DIAMOND             DA42__       DA40         DA40         DA40         DA40         DA40         DA40         DA40         DA40         DA40         DA40         DA40         DA40         
CD - DA42   TWIN STAR                DIAMOND             DA42__       DA42         DA42         DA42         DA42         DA42         DA42         DA42         DA42         DA42         DA42         DA42         DA42         
CD - DC10   DC-10                    MCDONNELL DOUGLAS   DC10__       DC10         DC10         DC10         DC10         DC10         DC10         DC10         DC10         DC10         DC10         DC10         DC10         
CD * DC3    DC-3                     DOUGLAS             C421__       C47          DC3          DC3          DC3          DC3          DC3          DC3          DC3          DC3          DC3          DC3          DC3          
CD * DC85   DC-8-50                  MCDONNELL DOUGLAS   A310__       DC85         DC85         DC85         DC85         DC85         DC85         DC85         DC85         DC85         DC85         DC85         DC85         
CD * DC86   DC-8-60                  MCDONNELL DOUGLAS   DC87__       DC86         DC86         DC86         DC86         DC86         DC86         DC86         DC86         DC86         DC86         DC86         DC86         
CD - DC87   DC-8-70                  MCDONNELL DOUGLAS   DC87__       DC8S         DC8          DC87         DC87         DC87         DC87         DC87         DC87         DC87         DC87         DC87         DC87         
CD * DC91   DC-9-10                  MCDONNELL DOUGLAS   B712__       DC91         DC91         DC91         DC91         DC91         DC91         DC91         DC91         DC91         DC91         DC91         DC91         
CD * DC92   DC-9-20                  MCDONNELL DOUGLAS   DC94__       DC92         DC92         DC92         DC92         DC92         DC92         DC92         DC92         DC92         DC92         DC92         DC92         
CD * DC93   DC-9-30                  MCDONNELL DOUGLAS   DC94__       DC93         DC93         DC93         DC93         DC93         DC93         DC93         DC93         DC93         DC93         DC93         DC93         
CD - DC94   DC-9-40                  MCDONNELL DOUGLAS   DC94__       C9           C9           C9           DC9          DC94         DC94         DC94         DC94         DC94         DC94         DC94         DC94         
CD * DC95   DC-9-50                  MCDONNELL DOUGLAS   DC94__       DC95         DC95         DC95         DC95         DC95         DC95         DC95         DC95         DC95         DC95         DC95         DC95         
CD - DH8A   DASH 8-100               DE HAVILLAND        DH8A__       DH8A         DH8A         DH8A         DH8A         DH8A         DH8A         DH8A         DH8A         DH8A         DH8A         DH8A         DH8A         
CD * DH8B   DASH 8-200               DE HAVILLAND        DH8C__       DH8B         DH8B         DH8B         DH8B         DH8B         DH8B         DH8B         DH8B         DH8B         DH8B         DH8B         DH8B         
CD - DH8C   DASH 8-300               DE HAVILLAND        DH8C__       DHC8         DHC8         DH8C         DH8C         DH8C         DH8C         DH8C         DH8C         DH8C         DH8C         DH8C         DH8C         
CD - DH8D   DASH 8-400               DE HAVILLAND        DH8D__       DH8D         DH8D         DH8D         DH8D         DH8D         DH8D         DH8D         DH8D         DH8D         DH8D         DH8D         DH8D         
CD * DHC6   DHC-6 Twin Otter         DE HAVILLAND CAN.   D228__       DHC6         DHC6         DHC6         DHC6         DHC6         DHC6         DHC6         DHC6         DHC6         DHC6         DHC6         DHC6         
CD * DR30   PETIT PRINCE DR-315      ROBIN               PA44__       DR30         DR30         DR30         DR30         DR30         DR30         DR30         DR30         DR30         DR30         DR30         DR30         
CD * DR40   DR-400 DAUPHIN           ROBIN               PA44__       DR40         DR40         DR40         DR40         DR40         DR40         DR40         DR40         DR40         DR40         DR40         DR40         
CD * DV2    DV-2 INFINITY            DOVA                DA42__       DV2          DV2          DV2          DV2          DV2          DV2          DV2          DV2          DV2          DV2          DV2          DV2          
CD * E110   BANDEIRANTE              EMBRAER             SW4___       E111         E110         E110         E110         E110         E110         E110         E110         E110         E110         E110         E110         
CD - E120   EMB-120 BRASILIA         EMBRAER             E120__       E120         E120         E120         E120         E120         E120         E120         E120         E120         E120         E120         E120         
CD * E121   Xingu                    EMBRAER             PAY2__       E121         E121         E121         E121         E121         E121         E121         E121         E121         E121         E121         E121         
CD - E135   EMB-135                  EMBRAER             E135__       E135         E135         E135         E135         E135         E135         E135         E135         E135         E135         E135         E135         
CD - E145   EMB-145                  EMBRAER             E145__       E145         E145         E145         E145         E145         E145         E145         E145         E145         E145         E145         E145         
CD - E170   EMB-175                  EMBRAER             E170__       E170         E170         E170         E170         E170         E170         E170         E170         E170         E170         E170         E170         
CD - E190   EMB-190                  EMBRAER             E190__       E190         E190         E190         E190         E190         E190         E190         E190         E190         E190         E190         E190         
CD * E2     E-2 HAWKEYE              GRUMMAN             E120__       E2           E2           E2           E2           E2           E2           E2           E2           E2           E2           E2           E2           
CD * E3CF   E-3 SENTRY               BOEING              B762__       E3A          E3           E3CF         E3CF         E3CF         E3CF         E3CF         E3CF         E3CF         E3CF         E3CF         E3CF         
CD * E3TF   E-3A SENTRY              BOEING              B762__       E3TF         E3TF         E3TF         E3TF         E3TF         E3TF         E3TF         E3TF         E3TF         E3TF         E3TF         E3TF         
CD - E50P   Phenom 100               EMBRAER             E50P__       E50P         E50P         E50P         E50P         E50P         E50P         E50P         E50P         E50P         E50P         E50P         E50P         
CD - E55P   Phenom 300               EMBRAER             E55P__       E55P         E55P         E55P         E55P         E55P         E55P         E55P         E55P         E55P         E55P         E55P         E55P         
CD - EA50   ECLIPSE 500              ECLIPSE             EA50__       EA50         EA50         EA50         EA50         EA50         EA50         EA50         EA50         EA50         EA50         EA50         EA50         
CD * EPX1   X-1                      EPERVIER            DA42__       EPX1         EPX1         EPX1         EPX1         EPX1         EPX1         EPX1         EPX1         EPX1         EPX1         EPX1         EPX1         
CD * ETAR   ETENDARD 4               DASSAULT            FGTN__       ETAR         ETAR         ETAR         ETAR         ETAR         ETAR         ETAR         ETAR         ETAR         ETAR         ETAR         ETAR         
CD * EUFI   2000                     EUROFIGHTER         FGTN__       EUFI         EUFI         EUFI         EUFI         EUFI         EUFI         EUFI         EUFI         EUFI         EUFI         EUFI         EUFI         
CD * EV97   SPORTSTAR                EVEKTOR             P28A__       EV97         EV97         EV97         EV97         EV97         EV97         EV97         EV97         EV97         EV97         EV97         EV97         
CD * F1     F1                       MITSUBISHI          FGTN__       MHF1         F1           F1           F1           F1           F1           F1           F1           F1           F1           F1           F1           
CD - F100   100                      FOKKER              F100__       FK10         F100         F100         F100         F100         F100         F100         F100         F100         F100         F100         F100         
CD * F104   STARFIGHTER              LOCKHEED            FGTN__       F104         F104         F104         F104         F104         F104         F104         F104         F104         F104         F104         F104         
CD * F117   NIGHTHAWK                LOCKHEED            FGTN__       F117         F117         F117         F117         F117         F117         F117         F117         F117         F117         F117         F117         
CD * F14    TOMCAT                   GRUMMAN             FGTN__       F14          F14          F14          F14          F14          F14          F14          F14          F14          F14          F14          F14          
CD * F15    EAGLE                    MCDONNELL DOUGLAS   FGTN__       F15          F15          F15          F15          F15          F15          F15          F15          F15          F15          F15          F15          
CD * F16    FIGHTING FALCON          GENERAL DYNAMICS    FGTN__       F16          F16          F16          F16          F16          F16          F16          F16          F16          F16          F16          F16          
CD * F18    HORNET                   MCDONNELL DOUGLAS   FGTN__       F18          F18          F18          F18          F18          F18          F18          F18          F18          F18          F18          F18          
CD * F1FV   FAVORIT                  AVION               TRIN__       F1FV         F1FV         F1FV         F1FV         F1FV         F1FV         F1FV         F1FV         F1FV         F1FV         F1FV         F1FV         
CD * F260   SF-260                   SIAI-MARCHETTI      BE58__       F260         F260         F260         F260         F260         F260         F260         F260         F260         F260         F260         F260         
CD - F27    FRIENDSHIP               FOKKER              F27___       FK27         F27          F27          F27          F27          F27          F27          F27          F27          F27          F27          F27          
CD - F28    FOLLOWSHIP               FOKKER              F28___       FK28         F28          F28          F28          F28          F28          F28          F28          F28          F28          F28          F28          
CD - F2TH   FALCON 2000              DASSAULT            F2TH__       F2TH         F2TH         F2TH         F2TH         F2TH         F2TH         F2TH         F2TH         F2TH         F2TH         F2TH         F2TH         
CD * F4     PHANTOM                  MCDONNELL DOUGLAS   FGTN__       F4           F4           F4           F4           F4           F4           F4           F4           F4           F4           F4           F4           
CD * F406   F406 Vigilant            CESSNA              PAY3__       F406         F406         F406         F406         F406         F406         F406         F406         F406         F406         F406         F406         
CD * F5     F-5                      NORTHROP            FGTN__       F5           F5           F5           F5           F5           F5           F5           F5           F5           F5           F5           F5           
CD - F50    50                       FOKKER              F50___       FK50         F50          F50          F50          F50          F50          F50          F50          F50          F50          F50          F50          
CD * F5SA   SAEGHE                   IRIAF               FGTN__       F5SA         F5SA         F5SA         F5SA         F5SA         F5SA         F5SA         F5SA         F5SA         F5SA         F5SA         F5SA         
CD - F70    70                       FOKKER              F70___       FK70         F70          F70          F70          F70          F70          F70          F70          F70          F70          F70          F70          
CD - F900   FALCON 900               DASSAULT            F900__       DA90         F900         F900         F900         F900         F900         F900         F900         F900         F900         F900         F900         
CD * FA04   PEREGRINE                FLAMING AIR         P28A__       FA04         FA04         FA04         FA04         FA04         FA04         FA04         FA04         FA04         FA04         FA04         FA04         
CD - FA10   FALCON 10                DASSAULT            FA10__       DA10         FA10         FA10         FA10         FA10         FA10         FA10         FA10         FA10         FA10         FA10         FA10         
CD - FA20   FALCON 20                DASSAULT            FA20__       DA20         FA20         FA20         FA20         FA20         FA20         FA20         FA20         FA20         FA20         FA20         FA20         
CD - FA50   FALCON 50                DASSAULT            FA50__       DA50         FA50         FA50         FA50         FA50         FA50         FA50         FA50         FA50         FA50         FA50         FA50         
CD - FA7X   FALCON 7X                DASSAULT            FA7X__       FA7X         FA7X         FA7X         FA7X         FA7X         FA7X         FA7X         FA7X         FA7X         FA7X         FA7X         FA7X         
CD - FGTH   MIL FIGHTER HEAVY        GENERIC             FGTH__       FGTH         FGTH         FGTH         FGTH         FGTH         FGTH         FGTH         FGTH         FGTH         FGTH         FGTH         FGTH         
CD - FGTL   MIL FIGHTER LIGHT        GENERIC             FGTL__       FGTL         FGTL         FGTL         FGTL         FGTL         FGTL         FGTL         FGTL         FGTL         FGTL         FGTL         FGTL         
CD - FGTN   MIL FIGHTER NORMAL       GENERIC             FGTN__       FGTR         FGTN         FGTN         FGTN         FGTN         FGTN         FGTN         FGTN         FGTN         FGTN         FGTN         FGTN         
CD * G120   G-120A                   GROB                SR22__       G120         G120         G120         G120         G120         G120         G120         G120         G120         G120         G120         G120         
CD * G12T   G-120TP                  GROB                TBM7__       G12T         G12T         G12T         G12T         G12T         G12T         G12T         G12T         G12T         G12T         G12T         G12T         
CD * G150   Gulfstream G150          IAI                 F2TH__       G150         G150         G150         G150         G150         G150         G150         G150         G150         G150         G150         G150         
CD * G222   SPARTAN C-27A            ALENIA              ATP___       G222         G222         G222         G222         G222         G222         G222         G222         G222         G222         G222         G222         
CD * G250   G250                     GULFSTREAM          F2TH__       G250         G250         G250         G250         G250         G250         G250         G250         G250         G250         G250         G250         
CD * G280   G280                     GULFSTREAM          F2TH__       G280         G280         G280         G280         G280         G280         G280         G280         G280         G280         G280         G280         
CD * GA7    COUGAR                   GRUMMAN AMERICAN    SR22__       GA7          GA7          GA7          GA7          GA7          GA7          GA7          GA7          GA7          GA7          GA7          GA7          
CD * GALX   1126 GALAXY              IAI                 F2TH__       GALX         GALX         GALX         GALX         GALX         GALX         GALX         GALX         GALX         GALX         GALX         GALX         
CD * GL5T   Global 5000              BOMBARDIER          C750__       GL5T         GL5T         GL5T         GL5T         GL5T         GL5T         GL5T         GL5T         GL5T         GL5T         GL5T         GL5T         
CD * GLAS   GLASAIR                  STODDARD-HAMILTON   BE58__       GL20         GLAS         GLAS         GLAS         GLAS         GLAS         GLAS         GLAS         GLAS         GLAS         GLAS         GLAS         
CD * GLEX   BD-700 Global Express    BOMBARDIER          C750__       GLEX         GLEX         GLEX         GLEX         GLEX         GLEX         GLEX         GLEX         GLEX         GLEX         GLEX         GLEX         
CD * GLF2   GULFSTREAM II            GULFSTREAM          FA7X__       G2           GLF2         GLF2         GLF2         GLF2         GLF2         GLF2         GLF2         GLF2         GLF2         GLF2         GLF2         
CD * GLF3   GULFSTREAM III           GULFSTREAM          FA7X__       G3           GULF         GLF3         GLF3         GLF3         GLF3         GLF3         GLF3         GLF3         GLF3         GLF3         GLF3         
CD * GLF4   GULFSTREAM IV            GULFSTREAM          FA7X__       G4           GLF4         GLF4         GLF4         GLF4         GLF4         GLF4         GLF4         GLF4         GLF4         GLF4         GLF4         
CD * GLF5   GULFSTREAM V C37         GULFSTREAM          FA7X__       GLF5         GLF5         GLF5         GLF5         GLF5         GLF5         GLF5         GLF5         GLF5         GLF5         GLF5         GLF5         
CD * GLF6   G650                     GULFSTREAM          FA7X__       GLF6         GLF6         GLF6         GLF6         GLF6         GLF6         GLF6         GLF6         GLF6         GLF6         GLF6         GLF6         
CD * GLST   GlaStar                  GLASAIR             TRIN__       GLST         GLST         GLST         GLST         GLST         GLST         GLST         GLST         GLST         GLST         GLST         GLST         
CD * GRIZ   TURBO GRIZZLY            AERO TEK            PA34__       GRIZ         GRIZ         GRIZ         GRIZ         GRIZ         GRIZ         GRIZ         GRIZ         GRIZ         GRIZ         GRIZ         GRIZ         
CD - H25A   DOMINE HS 125            HAWKER SIDDELEY     H25A__       H25A         H25A         H25A         H25A         H25A         H25A         H25A         H25A         H25A         H25A         H25A         H25A         
CD - H25B   HAWKER 800XP             HAWKER BEECHCRAFT   H25B__       HS25         H25B         H25B         H25B         H25B         H25B         H25B         H25B         H25B         H25B         H25B         H25B         
CD * H25C   HAWKER 1000              RAYTHEON            H25B__       BA10         H25C         H25C         H25C         H25C         H25C         H25C         H25C         H25C         H25C         H25C         H25C         
CD * HA4T   HAWKER 4000              RAYTHEON            F2TH__       HA4T         HA4T         HA4T         HA4T         HA4T         HA4T         HA4T         HA4T         HA4T         HA4T         HA4T         HA4T         
CD * HAR    HARRIER                  HAWKER SIDDELEY     FGTN__       SHAR         HAR          HAR          HAR          HAR          HAR          HAR          HAR          HAR          HAR          HAR          HAR          
CD * HAWK   HAWK                     HAWKER SIDDELEY     FGTN__       HAWK         HAWK         HAWK         HAWK         HAWK         HAWK         HAWK         HAWK         HAWK         HAWK         HAWK         HAWK         
CD * HELI   HELICOPTER               GENERIC             P28A__       HELI         HELI         HELI         HELI         HELI         HELI         HELI         HELI         HELI         HELI         HELI         HELI         
CD * HR10   TIARA                    ROBIN               TRIN__       HR10         HR10         HR10         HR10         HR10         HR10         HR10         HR10         HR10         HR10         HR10         HR10         
CD * HRNT   HORNET                   AAK                 P28A__       HRNT         HRNT         HRNT         HRNT         HRNT         HRNT         HRNT         HRNT         HRNT         HRNT         HRNT         HRNT         
CD * IL18   IL-18                    ILYUSHIN            C130__       IL18         IL18         IL18         IL18         IL18         IL18         IL18         IL18         IL18         IL18         IL18         IL18         
CD * IL62   IL-62 /-62M / MK         ILYUSHIN            A30B__       IL62         IL62         IL62         IL62         IL62         IL62         IL62         IL62         IL62         IL62         IL62         IL62         
CD - IL76   IL-76TD                  ILYUSHIN            IL76__       IL76         IL76         IL76         IL76         IL76         IL76         IL76         IL76         IL76         IL76         IL76         IL76         
CD - IL86   IL-86                    ILYUSHIN            IL86__       IL86         IL86         IL86         IL86         IL86         IL86         IL86         IL86         IL86         IL86         IL86         IL86         
CD - IL96   IL-96-300                ILYUSHIN            IL96__       IL96         IL96         IL96         IL96         IL96         IL96         IL96         IL96         IL96         IL96         IL96         IL96         
CD * IMPX   XTREME 3000              XTREMAIR            BE58__       IMPX         IMPX         IMPX         IMPX         IMPX         IMPX         IMPX         IMPX         IMPX         IMPX         IMPX         IMPX         
CD * J328   328 Jet                  FAIRCHILD DORNIER   E135__       J328         J328         J328         J328         J328         J328         J328         J328         J328         J328         J328         J328         
CD * JAGR   JAGUAR                   SEPECAT             FGTN__       JAG1         JAGR         JAGR         JAGR         JAGR         JAGR         JAGR         JAGR         JAGR         JAGR         JAGR         JAGR         
CD * JS1    JETSTREAM 1              JETSTREAM           BE20__       JS1          JS1          JS1          JS1          JS1          JS1          JS1          JS1          JS1          JS1          JS1          JS1          
CD * JS20   JETSTREAM 200            JETSTREAM           D228__       JS20         JS20         JS20         JS20         JS20         JS20         JS20         JS20         JS20         JS20         JS20         JS20         
CD * JS31   JETSTREAM 31             BAE                 JS32__       BA31         JS31         JS31         JS31         JS31         JS31         JS31         JS31         JS31         JS31         JS31         JS31         
CD - JS32   JETSTREAM Super 31       JETSTREAM           JS32__       JS32         JS32         JS32         JS32         JS32         JS32         JS32         JS32         JS32         JS32         JS32         JS32         
CD - JS41   JETSTREAM 41             JETSTREAM           JS41__       BA41         JSTB         JS41         JS41         JS41         JS41         JS41         JS41         JS41         JS41         JS41         JS41         
CD * K35A   STRATOTANKER KC-135A     BOEING              B703__       KC35         C135         K35A         K35A         K35A         K35A         K35A         K35A         K35A         K35A         K35A         K35A         
CD * K35E   STRATOTANKER KC-135D/E   BOEING              B703__       E135         C135         K35E         K35E         K35E         K35E         K35E         K35E         K35E         K35E         K35E         K35E         
CD * K35R   STRATOTANKER K35R        BOEING              B703__       KR35         C135         K35R         K35R         K35R         K35R         K35R         K35R         K35R         K35R         K35R         K35R         
CD * KAT3   AT-3                     KHRUNICHEV          PA31__       KAT3         KAT3         KAT3         KAT3         KAT3         KAT3         KAT3         KAT3         KAT3         KAT3         KAT3         KAT3         
CD * KEST   KESTREL                  FARNBOROUGH         PAY2__       KEST         KEST         KEST         KEST         KEST         KEST         KEST         KEST         KEST         KEST         KEST         KEST         
CD - L101   TRISTAR L-1011           LOCKHEED            L101__       L101         L101         L101         L101         L101         L101         L101         L101         L101         L101         L101         L101         
CD * L159   L-159                    AERO (2)            FGTN__       L159         L159         L159         L159         L159         L159         L159         L159         L159         L159         L159         L159         
CD * L188   ELECTRA L-188            LOCKHEED            C160__       L188         L188         L188         L188         L188         L188         L188         L188         L188         L188         L188         L188         
CD * L29A   JETSTART                 LOCKHEED            CL60__       L29A         L29A         L29A         L29A         L29A         L29A         L29A         L29A         L29A         L29A         L29A         L29A         
CD * L29B   L1329 JETSTAR            LOCKHEED            CL60__       L29B         L29B         L29B         L29B         L29B         L29B         L29B         L29B         L29B         L29B         L29B         L29B         
CD * L410   TURBOLET 410             LET                 D228__       O410         L410         L410         L410         L410         L410         L410         L410         L410         L410         L410         L410         
CD * LJ24   24                       LEARJET             C25A__       LR24         LJ24         LJ24         LJ24         LJ24         LJ24         LJ24         LJ24         LJ24         LJ24         LJ24         LJ24         
CD * LJ25   25                       LEARJET             LJ45__       LR25         LJ25         LJ25         LJ25         LJ25         LJ25         LJ25         LJ25         LJ25         LJ25         LJ25         LJ25         
CD * LJ31   31                       LEARJET             LJ45__       LR31         LJ31         LJ31         LJ31         LJ31         LJ31         LJ31         LJ31         LJ31         LJ31         LJ31         LJ31         
CD - LJ35   35                       LEARJET             LJ35__       LR35         LJ35         LJ35         LJ35         LJ35         LJ35         LJ35         LJ35         LJ35         LJ35         LJ35         LJ35         
CD * LJ40   40                       LEARJET             LJ45__       LJ40         LJ40         LJ40         LJ40         LJ40         LJ40         LJ40         LJ40         LJ40         LJ40         LJ40         LJ40         
CD - LJ45   45                       LEARJET             LJ45__       LJ45         LJ45         LJ45         LJ45         LJ45         LJ45         LJ45         LJ45         LJ45         LJ45         LJ45         LJ45         
CD * LJ55   55                       LEARJET             LJ45__       LR55         LJ55         LJ55         LJ55         LJ55         LJ55         LJ55         LJ55         LJ55         LJ55         LJ55         LJ55         
CD * LJ60   60                       LEARJET             LJ45__       LR60         LJ60         LJ60         LJ60         LJ60         LJ60         LJ60         LJ60         LJ60         LJ60         LJ60         LJ60         
CD * LNP4   PropJet 4                LANCAIR             TBM8__       LNP4         LNP4         LNP4         LNP4         LNP4         LNP4         LNP4         LNP4         LNP4         LNP4         LNP4         LNP4         
CD * M2     M-2 SCOUT                KUBICEK             P28A__       M2           M2           M2           M2           M2           M2           M2           M2           M2           M2           M2           M2           
CD * M20P   MARK 201                 MOONEY              TRIN__       MO20         M20          M20P         M20P         M20P         M20P         M20P         M20P         M20P         M20P         M20P         M20P         
CD * M20T   MARK 20T                 MOONEY              TRIN__       MO2K         M20          M20T         M20T         M20T         M20T         M20T         M20T         M20T         M20T         M20T         M20T         
CD - MD11   MD-11                    MCDONNELL DOUGLAS   MD11__       MD11         MD11         MD11         MD11         MD11         MD11         MD11         MD11         MD11         MD11         MD11         MD11         
CD * MD81   MD-81                    MCDONNELL DOUGLAS   MD82__       MD81         MD81         MD81         MD81         MD81         MD81         MD81         MD81         MD81         MD81         MD81         MD81         
CD - MD82   MD-82                    MCDONNELL DOUGLAS   MD82__       MD82         MD82         MD82         MD82         MD82         MD82         MD82         MD82         MD82         MD82         MD82         MD82         
CD - MD83   MD-83                    MCDONNELL DOUGLAS   MD83__       MD80         MD83         MD83         MD83         MD83         MD83         MD83         MD83         MD83         MD83         MD83         MD83         
CD * MD87   MD-87                    MCDONNELL DOUGLAS   MD82__       MD87         MD87         MD87         MD87         MD87         MD87         MD87         MD87         MD87         MD87         MD87         MD87         
CD * MD88   MD-88                    MCDONNELL DOUGLAS   MD82__       MD88         MD88         MD88         MD88         MD88         MD88         MD88         MD88         MD88         MD88         MD88         MD88         
CD * MD90   MD-90                    MCDONNELL DOUGLAS   MD83__       MD90         MD90         MD90         MD90         MD90         MD90         MD90         MD90         MD90         MD90         MD90         MD90         
CD * MG21   MIG-21                   MIKOYAN             FGTN__       MG21         MG21         MG21         MG21         MG21         MG21         MG21         MG21         MG21         MG21         MG21         MG21         
CD * MG23   MIG-23                   MIKOYAN             FGTN__       MG23         MG23         MG23         MG23         MG23         MG23         MG23         MG23         MG23         MG23         MG23         MG23         
CD * MG25   MIG-25                   MIKOYAN             FGTN__       MG25         MG25         MG25         MG25         MG25         MG25         MG25         MG25         MG25         MG25         MG25         MG25         
CD * MG29   MIG-29                   MIKOYAN             FGTN__       MG29         MG29         MG29         MG29         MG29         MG29         MG29         MG29         MG29         MG29         MG29         MG29         
CD * MIR2   MIRAGE 2000              DASSAULT            FGTN__       MIR2         MIR2         MIR2         MIR2         MIR2         MIR2         MIR2         MIR2         MIR2         MIR2         MIR2         MIR2         
CD * MIR4   MIRAGE IV                DASSAULT            FGTN__       MIR4         MIR4         MIR4         MIR4         MIR4         MIR4         MIR4         MIR4         MIR4         MIR4         MIR4         MIR4         
CD * MRF1   MIRAGE F1                DASSAULT            FGTN__       F1           MRF1         MRF1         MRF1         MRF1         MRF1         MRF1         MRF1         MRF1         MRF1         MRF1         MRF1         
CD - MU2    MARQUISE/SOLITAIRE       MITSUBISHI          MU2___       MU2          MU2          MU2          MU2          MU2          MU2          MU2          MU2          MU2          MU2          MU2          MU2          
CD * MU30   MU-300                   MITSUBISHI          C560__       MU30         MU30         MU30         MU30         MU30         MU30         MU30         MU30         MU30         MU30         MU30         MU30         
CD * N262   262                      NORD                JS41__       N262         N262         N262         N262         N262         N262         N262         N262         N262         N262         N262         N262         
CD * NIM    NIMROD                   HAWKER SIDDELEY     B738__       NIM          NIM          NIM          NIM          NIM          NIM          NIM          NIM          NIM          NIM          NIM          NIM          
CD * NM5    NM-5                     NAL                 TRIN__       NM5          NM5          NM5          NM5          NM5          NM5          NM5          NM5          NM5          NM5          NM5          NM5          
CD * NNJA   NYNJA                    BEST OFF            P28A__       NNJA         NNJA         NNJA         NNJA         NNJA         NNJA         NNJA         NNJA         NNJA         NNJA         NNJA         NNJA         
CD * ONEX   ONEX                     SONEW               DA42__       ONEX         ONEX         ONEX         ONEX         ONEX         ONEX         ONEX         ONEX         ONEX         ONEX         ONEX         ONEX         
CD - P180   P180 AVANTI              PIAGGIO             P180__       P180         P180         P180         P180         P180         P180         P180         P180         P180         P180         P180         P180         
CD * P210   P210                     CESSNA              BE58__       P210         P210         P210         P210         P210         P210         P210         P210         P210         P210         P210         P210         
CD - P28A   PA-28-140 CHEROKEE       PIPER               P28A__       PA28         PA28         P28A         P28A         P28A         P28A         P28A         P28A         P28A         P28A         P28A         P28A         
CD * P28B   PA-28-236 DAKOTA         PIPER               SR22__       P28B         P28B         P28B         P28B         P28B         P28B         P28B         P28B         P28B         P28B         P28B         P28B         
CD * P28R   PA-28R-201 ARROW         PIPER               DA42__       PARO         P28R         P28R         P28R         P28R         P28R         P28R         P28R         P28R         P28R         P28R         P28R         
CD - P28T   PA-28RT-201T             PIPER               P28T__       E711         P28T         P28T         P28T         P28T         P28T         P28T         P28T         P28T         P28T         P28T         P28T         
CD * P3     ORION P-3                LOCKHEED            C130__       P3C          P3           P3           P3           P3           P3           P3           P3           P3           P3           P3           P3           
CD * P32R   PA-32R-301 SARATOGA SP   PIPER               C182__       PA32         P32R         P32R         P32R         P32R         P32R         P32R         P32R         P32R         P32R         P32R         P32R         
CD * P32T   TURBO LANCE 2            PIPER               TRIN__       P32T         P32T         P32T         P32T         P32T         P32T         P32T         P32T         P32T         P32T         P32T         P32T         
CD * P46T   Malibu Meridian          PIPER               BE9L__       P46T         P46T         P46T         P46T         P46T         P46T         P46T         P46T         P46T         P46T         P46T         P46T         
CD * P68    P-68 Observer            PARTENAVIA          PA27__       PN68         P68          P68          P68          P68          P68          P68          P68          P68          P68          P68          P68          
CD * P68T   AP-68-TP-300 SPARTACUS   PARTENAVIA          D228__       P68T         P68T         P68T         P68T         P68T         P68T         P68T         P68T         P68T         P68T         P68T         P68T         
CD * PA18   PA-18 SUPER CUB          PIPER               PA34__       U7           PA18         PA18         PA18         PA18         PA18         PA18         PA18         PA18         PA18         PA18         PA18         
CD * PA23   APACHE PA23-150/160      PIPER               PA27__       PA23         PA23         PA23         PA23         PA23         PA23         PA23         PA23         PA23         PA23         PA23         PA23         
CD - PA27   AZTEC PA23-235/250       PIPER               PA27__       PAZT         PA27         PA27         PA27         PA27         PA27         PA27         PA27         PA27         PA27         PA27         PA27         
CD * PA30   Twin Comanche            PIPER               TRIN__       PA30         PA30         PA30         PA30         PA30         PA30         PA30         PA30         PA30         PA30         PA30         PA30         
CD - PA31   CHIEFTAIN                PIPER               PA31__       E820         PA31         PA31         PA31         PA31         PA31         PA31         PA31         PA31         PA31         PA31         PA31         
CD * PA32   PA-32 CHEROKEE SIX       PIPER               PA44__       PA32         PA32         PA32         PA32         PA32         PA32         PA32         PA32         PA32         PA32         PA32         PA32         
CD - PA34   PA-34-220T SENECA III    PIPER               PA34__       PASE         PA34         PA34         PA34         PA34         PA34         PA34         PA34         PA34         PA34         PA34         PA34         
CD - PA44   PA-44-180 SEMINOLE       PIPER               PA44__       PA44         PA44         PA44         PA44         PA44         PA44         PA44         PA44         PA44         PA44         PA44         PA44         
CD - PA46   PA-46-350P MALIBU MIRAGE PIPER               PA46__       PA46         PA46         PA46         PA46         PA46         PA46         PA46         PA46         PA46         PA46         PA46         PA46         
CD * PA47   PA-47                    PIPER               C510__       PA47         PA47         PA47         PA47         PA47         PA47         PA47         PA47         PA47         PA47         PA47         PA47         
CD * PAY1   PA-A-31T1-500 CHEYENNE I PIPER               PAY2__       PA41         P31T         PAY1         PAY1         PAY1         PAY1         PAY1         PAY1         PAY1         PAY1         PAY1         PAY1         
CD - PAY2   PA-31T-620 CHEYENNE II   PIPER               PAY2__       PAYE         P31T         PAY2         PAY2         PAY2         PAY2         PAY2         PAY2         PAY2         PAY2         PAY2         PAY2         
CD - PAY3   PA-42-720 CHEYENNE III   PIPER               PAY3__       PA42         PA42         PAY3         PAY3         PAY3         PAY3         PAY3         PAY3         PAY3         PAY3         PAY3         PAY3         
CD * PAY4   PA-42-1000 CHEYENNE 400  PIPER               P180__       PAY4         PAY4         PAY4         PAY4         PAY4         PAY4         PAY4         PAY4         PAY4         PAY4         PAY4         PAY4         
CD * PC12   PC-12 SPECTRE            PILATUS             BE9L__       PC12         PC12         PC12         PC12         PC12         PC12         PC12         PC12         PC12         PC12         PC12         PC12         
CD * PC6T   PC-6C TURBO-PORTER       PILATUS             D228__       PC6T         PC6T         PC6T         PC6T         PC6T         PC6T         PC6T         PC6T         PC6T         PC6T         PC6T         PC6T         
CD * PC9    PC-9                     PILATUS             BE9L__       PC9          PC9          PC9          PC9          PC9          PC9          PC9          PC9          PC9          PC9          PC9          PC9          
CD * PRM1   390 Premier 1            HAWKER BEECHCRAFT   C25A__       PRM1         PRM1         PRM1         PRM1         PRM1         PRM1         PRM1         PRM1         PRM1         PRM1         PRM1         PRM1         
CD * PRXT   T-EXPLORER               PRIVATE EXPLORER    PA34__       PRXT         PRXT         PRXT         PRXT         PRXT         PRXT         PRXT         PRXT         PRXT         PRXT         PRXT         PRXT         
CD * R722   727-200RE SUPER 27       BOEING              B722__       R722         R722         R722         R722         R722         R722         R722         R722         R722         R722         R722         R722         
CD * RFAL   RAFALE                   DASSAULT            FGTN__       RFAL         RFAL         RFAL         RFAL         RFAL         RFAL         RFAL         RFAL         RFAL         RFAL         RFAL         RFAL         
CD - RJ1H   RJ-100 Avroliner         BAE                 RJ1H__       BA46         BA46         BA46         BA46         RJ1H         RJ1H         RJ1H         RJ1H         RJ1H         RJ1H         RJ1H         RJ1H         
CD * RJ70   RJ-70 Avroliner          BAE                 RJ85__       BA46         BA46         BA46         BA46         RJ70         RJ70         RJ70         RJ70         RJ70         RJ70         RJ70         RJ70         
CD - RJ85   RJ-85 Avroliner          BAE                 RJ85__       RJ85         RJ85         RJ85         RJ85         RJ85         RJ85         RJ85         RJ85         RJ85         RJ85         RJ85         RJ85         
CD * S601   SB 601 CORVETTE          AEROSPATIAL         C525__       S601         S601         S601         S601         S601         S601         S601         S601         S601         S601         S601         S601         
CD * SB05   SAAB 105                 SAAB                C550__       SK60         SB05         SB05         SB05         SB05         SB05         SB05         SB05         SB05         SB05         SB05         SB05         
CD - SB20   SAAB 2000                SAAB                SB20__       SB20         SB20         SB20         SB20         SB20         SB20         SB20         SB20         SB20         SB20         SB20         SB20         
CD * SB32   LANSEN                   SAAB                FGTN__       SB32         SB32         SB32         SB32         SB32         SB32         SB32         SB32         SB32         SB32         SB32         SB32         
CD * SB35   DRAKEN                   SAAB                FGTN__       SB35         SB35         SB35         SB35         SB35         SB35         SB35         SB35         SB35         SB35         SB35         SB35         
CD * SB37   VIGGEN                   SAAB                FGTN__       SB37         SB37         SB37         SB37         SB37         SB37         SB37         SB37         SB37         SB37         SB37         SB37         
CD * SB39   GRIPEN                   SAAB                FGTN__       SB39         SB39         SB39         SB39         SB39         SB39         SB39         SB39         SB39         SB39         SB39         SB39         
CD * SBR1   SABRELINER               ROCKWELL            FA10__       N265         SBR1         SBR1         SBR1         SBR1         SBR1         SBR1         SBR1         SBR1         SBR1         SBR1         SBR1         
CD * SD4    VIPER                    TOMARK              P28A__       SD4          SD4          SD4          SD4          SD4          SD4          SD4          SD4          SD4          SD4          SD4          SD4          
CD - SF34   SF 340                   SAAB                SF34__       SF34         SF34         SF34         SF34         SF34         SF34         SF34         SF34         SF34         SF34         SF34         SF34         
CD * SH33   SH3-330                  SHORTS              SH36__       SH33         SH33         SH33         SH33         SH33         SH33         SH33         SH33         SH33         SH33         SH33         SH33         
CD - SH36   SH3-360                  SHORTS              SH36__       SH36         SH36         SH36         SH36         SH36         SH36         SH36         SH36         SH36         SH36         SH36         SH36         
CD * SHRK   SHARK                    SHARK AERO          TRIN__       SHRK         SHRK         SHRK         SHRK         SHRK         SHRK         SHRK         SHRK         SHRK         SHRK         SHRK         SHRK         
CD * SLK3   360                      SLICK               PA27__       SLK3         SLK3         SLK3         SLK3         SLK3         SLK3         SLK3         SLK3         SLK3         SLK3         SLK3         SLK3         
CD * SLK5   540                      SLICK               TRIN__       SLK5         SLK5         SLK5         SLK5         SLK5         SLK5         SLK5         SLK5         SLK5         SLK5         SLK5         SLK5         
CD * SNTA   SONATA                   AIRSPORT            P28A__       SNTA         SNTA         SNTA         SNTA         SNTA         SNTA         SNTA         SNTA         SNTA         SNTA         SNTA         SNTA         
CD * SORA   100 SORA                 ACS                 P28A__       SORA         SORA         SORA         SORA         SORA         SORA         SORA         SORA         SORA         SORA         SORA         SORA         
CD * SR01   SR-01 MAGIC              EURODISPLAY         DA42__       SR01         SR01         SR01         SR01         SR01         SR01         SR01         SR01         SR01         SR01         SR01         SR01         
CD * SR20   SR-20                    CIRRUS              SR22__       SR20         SR20         SR20         SR20         SR20         SR20         SR20         SR20         SR20         SR20         SR20         SR20         
CD - SR22   SR-22                    CIRRUS              SR22__       SR22         SR22         SR22         SR22         SR22         SR22         SR22         SR22         SR22         SR22         SR22         SR22         
CD * SW18   TEDDY SW18               SKYWOOD             P28A__       SW18         SW18         SW18         SW18         SW18         SW18         SW18         SW18         SW18         SW18         SW18         SW18         
CD * SW2    MERLIN II                SWEARINGEN          SW4___       SW2          SW2          SW2          SW2          SW2          SW2          SW2          SW2          SW2          SW2          SW2          SW2          
CD * SW3    MERLIN III               SWEARINGEN          PAY3__       SW3          SW3          SW3          SW3          SW3          SW3          SW3          SW3          SW3          SW3          SW3          SW3          
CD - SW4    MERLIN IV                SWEARINGEN          SW4___       SW4          SW4          SW4          SW4          SW4          SW4          SW4          SW4          SW4          SW4          SW4          SW4          
CD * T10    T10 AVIA TOR             TNM-AVIA            P28A__       T10          T10          T10          T10          T10          T10          T10          T10          T10          T10          T10          T10          
CD - T134   TU134A-3                 TUPOLEV             T134__       TU34         T134         T134         T134         T134         T134         T134         T134         T134         T134         T134         T134         
CD - T154   TU154M                   TUPOLEV             T154__       TU54         T154         T154         T154         T154         T154         T154         T154         T154         T154         T154         T154         
CD * T160   TU160                    TUPOLEV             B742__       T160         T160         T160         T160         T160         T160         T160         T160         T160         T160         T160         T160         
CD - T204   TU-204-300               TUPOLEV             T204__       TUP4         T204         T204         T204         T204         T204         T204         T204         T204         T204         T204         T204         
CD * T50S   T-50 PAKFA               SUKHOI              FGTN__       T50S         T50S         T50S         T50S         T50S         T50S         T50S         T50S         T50S         T50S         T50S         T50S         
CD * TB30   EPSILON TB30             SOCATA              PA27__       TB30         TB30         TB30         TB30         TB30         TB30         TB30         TB30         TB30         TB30         TB30         TB30         
CD - TBM7   TBM-700                  SOCATA              TBM7__       TBM7         TBM7         TBM7         TBM7         TBM7         TBM7         TBM7         TBM7         TBM7         TBM7         TBM7         TBM7         
CD - TBM8   TBM-850                  SOCATA              TBM8__       TBM8         TBM8         TBM8         TBM8         TBM8         TBM8         TBM8         TBM8         TBM8         TBM8         TBM8         TBM8         
CD * TEX2   T-6 TEXAN 2              HAWKER BEECHCRAFT   TBM7__       TEX2         TEX2         TEX2         TEX2         TEX2         TEX2         TEX2         TEX2         TEX2         TEX2         TEX2         TEX2         
CD * TOBA   TOBAGO TB-10             SOCATA              C172__       TB10         TOBA         TOBA         TOBA         TOBA         TOBA         TOBA         TOBA         TOBA         TOBA         TOBA         TOBA         
CD * TOR    TORNADO                  PANAVIA             FGTN__       MRC          TOR          TOR          TOR          TOR          TOR          TOR          TOR          TOR          TOR          TOR          TOR          
CD - TRIN   TRINIDAD TB-20           SOCATA              TRIN__       TB20         TRIN         TRIN         TRIN         TRIN         TRIN         TRIN         TRIN         TRIN         TRIN         TRIN         TRIN         
CD * TRIS   Trislander               BRITTEN-NORMAN      DA42__       TRIS         TRIS         TRIS         TRIS         TRIS         TRIS         TRIS         TRIS         TRIS         TRIS         TRIS         TRIS         
CD * TUCA   TUCANO                   EMBRAER             BE9L__       TUCA         TUCA         TUCA         TUCA         TUCA         TUCA         TUCA         TUCA         TUCA         TUCA         TUCA         TUCA         
CD * VC10   VC10                     VICKERS             B762__       VC10         VC10         VC10         VC10         VC10         VC10         VC10         VC10         VC10         VC10         VC10         VC10         
CD * WSP    WASP                     AAK                 P28A__       WSP          WSP          WSP          WSP          WSP          WSP          WSP          WSP          WSP          WSP          WSP          WSP          
CD * WW24   1124 WESTWIND            IAI                 FA10__       WW24         WW24         WW24         WW24         WW24         WW24         WW24         WW24         WW24         WW24         WW24         WW24         
CD - YK40   YAK-40                   YAKOVLEV            YK40__       YK40         YK40         YK40         YK40         YK40         YK40         YK40         YK40         YK40         YK40         YK40         YK40         
CD - YK42   YAK-42                   YAKOVLEV            YK42__       YK42         YK42         YK42         YK42         YK42         YK42         YK42         YK42         YK42         YK42         YK42         YK42         
CC ===================================================================/
FI                                                                    /
